{
  "status": "SUCCESS",
  "result": {
    "homepageContentId": "#homepageContentId#",
    "homepageSection": "Section",
    "homepageValue": "Some value"
  }
}
