{
  "status": "SUCCESS",
  "result": {
    "projects": [
      {
        "projectId": "#projectId#",
        "projectName": "Project Name",
        "description": "Some description",
        "technologiesUsed": "Technologies Used",
        "status": "COMPLETED",
        "githubLinks": []
      }
    ]
  }
}